// Jest Snapshot v1, https://goo.gl/fbAQLP

exports[`NavigationLayout component should match snapshot 1`] = `
<DocumentFragment>
  <header
    class="header container"
  >
    <div
      class="header__logo"
    >
      <div
        class="logo"
      >
        <a
          aria-current="page"
          class="active"
          href="/"
          title=""
        >
          <img
            alt="logo"
            class="logo__image"
            src="test-file-stub"
            title=""
          />
          <span
            class="logo__span"
          >
            GraphiQL
          </span>
        </a>
      </div>
    </div>
    <div
      class="header__links"
    >
      <a
        aria-current="page"
        class="link active"
        href="/"
      >
        Приветствие
      </a>
    </div>
    <div
      class="header__buttons"
    >
      <span
        class="header__buttons-icon"
      />
      <div
        class="header__buttons-list "
      >
        <a
          class=""
          href="/registration"
        >
          <button
            class="button button-second"
          >
            Регистрация
          </button>
        </a>
        <a
          class=""
          href="/login"
        >
          <button
            class="button"
          >
            Вход
          </button>
        </a>
      </div>
    </div>
  </header>
  <main
    class="content"
  />
  <footer
    class="footer container"
  >
    <div
      class="footer__content"
    >
      <a
        class="footer__rss-link"
        href="https://rs.school/react/"
        rel="noreferrer"
        target="_blank"
      >
        <svg
          class="footer__svg"
        />
      </a>
      <a
        class="footer__gh-link"
        href="https://github.com/ForsyteRun/graphiql-app/"
        rel="noreferrer"
        target="_blank"
      >
        <svg
          class="footer__svg"
        />
      </a>
      <div
        class="footer__year-link"
      >
        <span>
          @Copyright 2023
        </span>
         
        <a
          href="/"
        >
          GraphiQL
        </a>
      </div>
    </div>
  </footer>
</DocumentFragment>
`;
